// Jest Snapshot v1, https://goo.gl/fbAQLP

exports[`Pruebas <CounterApp /> debe mostrar <CounterApp/> correctamente (hacer match con un snapshot) y sus valores por defecto 1`] = `
<Fragment>
  <h1>
    CounterApp
  </h1>
  <h2>
     
    0
     
  </h2>
  <button
    onClick={[Function]}
  >
    +1
  </button>
  <button
    onClick={[Function]}
  >
    0
  </button>
  <button
    onClick={[Function]}
  >
    -1
  </button>
</Fragment>
`;
